// Vitest Snapshot v1, https://vitest.dev/guide/snapshot.html

exports[`golden export > renders a byte-stable set of import blocks 1`] = `
"import {
  to = churchtools_campus.hauptstandort
  id = "0"
}

import {
  to = churchtools_campus.zweigstelle
  id = "7"
}

import {
  to = churchtools_comment_viewer.leitung
  id = "4"
}

import {
  to = churchtools_department.bereich_musik
  id = "3"
}

import {
  to = churchtools_group_type.g_3_aktiv
  id = "12"
}

import {
  to = churchtools_group_type.team
  id = "11"
}

import {
  to = churchtools_person_status.mitglied
  id = "2"
}
"
`;

exports[`golden export > renders a byte-stable set of resource blocks 1`] = `
"resource "churchtools_campus" "hauptstandort" {
  name   = "Hauptstandort"
  shorty = "HS"
}

resource "churchtools_campus" "zweigstelle" {
  name   = "Zweigstelle"
  shorty = "ZW"
}

resource "churchtools_comment_viewer" "leitung" {
  name     = "Leitung"
  sort_key = 1
}

resource "churchtools_department" "bereich_musik" {
  name     = "Bereich Musik"
  shorty   = "MU"
  sort_key = 0
}

resource "churchtools_group_type" "g_3_aktiv" {
  name            = "!3 Aktiv"
  name_translated = "!3 Aktiv"
}

resource "churchtools_group_type" "team" {
  name            = "Team"
  name_translated = "Team"
}

resource "churchtools_person_status" "mitglied" {
  name              = "Mitglied"
  shorty            = "M"
  is_member         = true
  is_searchable     = true
  sort_key          = 10
  security_level_id = 1
}
"
`;
